sjsonnet.Error: Stackoverflow while materializing, possibly due to recursive value
    at .(sjsonnet/test/resources/test_suite/error.obj_recursive.jsonnet:17:3)

