sjsonnet.Error: overflow
    at [BinaryOp *].(error.overflow2.jsonnet:17:7)

