sjsonnet.Error: Couldn't import file: "lib"
    at [Import].(sjsonnet/test/resources/test_suite/error.import_folder.jsonnet:17:1)

