sjsonnet.ParseError: Expected "\n":18:7, found ""
    at .(sjsonnet/test/resources/test_suite/error.parse.text_block_eof.jsonnet:18:7)

