sjsonnet.ParseError: Expected "]":18:1, found ""
    at .(sjsonnet/test/resources/test_suite/error.parse.index_unterminated.jsonnet:18:1)

