sjsonnet.ParseError: Expected "}":17:11, found "z:1}\n"
    at .(sjsonnet/test/resources/test_suite/error.parse.object_comma.jsonnet:17:11)

