sjsonnet.Error: assertEqual failed: {"a":1} != {"b":1}
    at [std.assertEqual].(sjsonnet/test/resources/test_suite/error.assert_equal_obj.jsonnet:17:16)

