sjsonnet.Error: array bounds error: 42 not within [0, 3)
    at [Lookup].(array_out_of_bounds4.jsonnet:1:8)

