sjsonnet.Error: array bounds error: array is empty
    at [Lookup].(array_out_of_bounds.jsonnet:1:3)

