sjsonnet.Error: shift by negative exponent
    at [BinaryOp >>].(bitwise_shift4.jsonnet:1:7)

