sjsonnet.Error: Cannot split by an empty string
    at [std.splitLimitR].(builtinSplitLimitR6.jsonnet:1:16)

