sjsonnet.Error: Wrong parameter type: expected Boolean, got string
    at [std.objectFieldsEx].(builtinObjectFieldsEx_bad2.jsonnet:1:19)

