sjsonnet.Error: Cannot parse '7B316' as an integer in base 10
    at [std.parseInt].(builtin_parseInt_invalid_hexadecimal.jsonnet:1:13)

