sjsonnet.StaticError: Can't use $ outside of an object
    at [$].(sjsonnet/test/resources/go_test_suite/dollar_bad.jsonnet:1:1)

