sjsonnet.Error: {"blah": 42}
    at [Error].(sjsonnet/test/resources/go_test_suite/error_object.jsonnet:1:1)

