sjsonnet.Error: Field name must be string or null, not number
    at .(fieldname_not_string.jsonnet:1:3)

