sjsonnet.Error: Couldn't manifest function with params [x]
    at .(function_manifested.jsonnet:2:5)

