sjsonnet.Error: Couldn't import file: "block_literals_for_imports_are_not_allowed_and_make_exactly_zero_sense\n"
    at [ImportBin].(sjsonnet/test/resources/go_test_suite/importbin_block_literal.jsonnet:1:1)

