sjsonnet.Error: overflow
    at [BinaryOp *].(inf_mul_number.jsonnet:1:7)

