sjsonnet.Error: xxx
    at [Error].(native4.jsonnet:1:28)
    at [std.jsonToString].(native4.jsonnet:1:27)

