sjsonnet.Error: Unknown binary operation: number * string
    at [BinaryOp *].(number_times_string.jsonnet:1:4)

