sjsonnet.Error: Field does not exist: x
    at [Select x].(object_invariant11.jsonnet:1:17)

