sjsonnet.Error: x
    at [Error].(object_invariant13.jsonnet:1:10)

