sjsonnet.Error: Unknown binary operation: object + number
    at [BinaryOp +].(object_plus_bad.jsonnet:1:4)

