sjsonnet.Error: Function parameter y not bound in call
    at [Apply].(optional_args13.jsonnet:1:20)

