sjsonnet.Error: binding parameter a second time: x
    at [Apply].(optional_args9.jsonnet:1:16)

