sjsonnet.Error: Format required a number at 0, got string
    at [std.format].(percent_format_str7.jsonnet:1:8)

