sjsonnet.Error: Too few values to format: 1, expected at least 2
    at [std.format].(percent_format_str6.jsonnet:1:11)

