sjsonnet.Error: Unknown binary operation: number + function
    at [BinaryOp +].(plus5.jsonnet:1:4)

