sjsonnet.Error: Wrong parameter type: expected Function, got number
    at [std.filter].(std.filter4.jsonnet:1:11)

