sjsonnet.Error: expected a single character string, got aÌ¨
    at [std.codepoint].(std.codepoint7.jsonnet:2:14)

