sjsonnet.Error: Unknown binary operation: string * number
    at [BinaryOp *].(string_times_number.jsonnet:1:5)

