sjsonnet.Error: Assertion failed
    at [Assert].(supersugar8.jsonnet:1:14)

