sjsonnet.Error: Unknown unary operation: - string
    at [UnaryOp -].(unary_minus4.jsonnet:1:1)

